// Jest Snapshot v1, https://goo.gl/fbAQLP

exports[`SignIn displays a sign in form 1`] = `"<div class=\\"MuiFormControl-root MuiTextField-root MuiFormControl-marginNormal MuiFormControl-fullWidth\\"><label class=\\"MuiFormLabel-root MuiInputLabel-root MuiInputLabel-formControl MuiInputLabel-animated MuiInputLabel-shrink MuiInputLabel-outlined Mui-focused Mui-focused\\" data-shrink=\\"true\\" for=\\"email-address\\" id=\\"email-address-label\\">Email Address</label><div class=\\"MuiInputBase-root MuiOutlinedInput-root MuiInputBase-fullWidth Mui-focused Mui-focused MuiInputBase-formControl\\"><input aria-invalid=\\"false\\" id=\\"email-address\\" name=\\"email\\" type=\\"text\\" class=\\"MuiInputBase-input MuiOutlinedInput-input\\" value=\\"\\"><fieldset aria-hidden=\\"true\\" class=\\"PrivateNotchedOutline-root-128 MuiOutlinedInput-notchedOutline\\"><legend class=\\"PrivateNotchedOutline-legendLabelled-130 PrivateNotchedOutline-legendNotched-131\\"><span>Email Address</span></legend></fieldset></div></div><div class=\\"MuiFormControl-root MuiTextField-root MuiFormControl-marginNormal MuiFormControl-fullWidth\\"><label class=\\"MuiFormLabel-root MuiInputLabel-root MuiInputLabel-formControl MuiInputLabel-animated MuiInputLabel-outlined\\" data-shrink=\\"false\\" for=\\"password\\" id=\\"password-label\\">Password</label><div class=\\"MuiInputBase-root MuiOutlinedInput-root MuiInputBase-fullWidth MuiInputBase-formControl\\"><input aria-invalid=\\"false\\" autocomplete=\\"current-password\\" id=\\"password\\" name=\\"password\\" type=\\"password\\" class=\\"MuiInputBase-input MuiOutlinedInput-input\\" value=\\"\\"><fieldset aria-hidden=\\"true\\" class=\\"PrivateNotchedOutline-root-128 MuiOutlinedInput-notchedOutline\\"><legend class=\\"PrivateNotchedOutline-legendLabelled-130\\"><span>Password</span></legend></fieldset></div></div><button class=\\"MuiButtonBase-root MuiButton-root MuiButton-contained makeStyles-submit-2 MuiButton-containedPrimary MuiButton-fullWidth\\" tabindex=\\"0\\" type=\\"submit\\"><span class=\\"MuiButton-label\\">Sign In</span><span class=\\"MuiTouchRipple-root\\"></span></button><div class=\\"MuiGrid-root MuiGrid-container\\"><div class=\\"MuiGrid-root MuiGrid-item MuiGrid-grid-xs-true\\"><a class=\\"MuiTypography-root MuiLink-root MuiLink-underlineHover MuiTypography-body2 MuiTypography-colorPrimary\\" href=\\"/forgotPassword\\">Forgot password?</a></div><div class=\\"MuiGrid-root MuiGrid-item\\"><a class=\\"MuiTypography-root MuiLink-root MuiLink-underlineHover MuiTypography-body2 MuiTypography-colorPrimary\\" href=\\"/signUp\\">No account? Sign Up</a></div></div>"`;
